aaaaaaaaaaaaaaaaaaa
bbbbbbbbbbbbbbbbbbb
ccccccccccccccccccc
ddddddddddddddddddd
eeeeeeeeeeeeeeeeeee
fffffffffffffffffff
ggggggggggggggggggg
hhhhhhhhhhhhhhhhhhh
iiiiiiiiiiiiiiiiiii
jjjjjjjjjjjjjjjjjjj
kkkkkkkkkkkkkkkkkkk
lllllllllllllllllll
mmmmmmmmmm
